// Jest Snapshot v1, https://goo.gl/fbAQLP

exports[`pages/members/list/components/body specs should render as expected when passing required properties 1`] = `
<tbody>
  <Component
    key="1"
    member={
      Object {
        "avatarUrl": "test avatarUrl 1",
        "id": 1,
        "name": "test name 1",
      }
    }
  />
  <Component
    key="2"
    member={
      Object {
        "avatarUrl": "test avatarUrl 2",
        "id": 2,
        "name": "test name 2",
      }
    }
  />
</tbody>
`;
