// Jest Snapshot v1, https://goo.gl/fbAQLP

exports[`pages/members/list/components/row specs should render as expected when passing required properties 1`] = `
<tr>
  <td>
    <img
      src="test avatarUrl"
      style={
        Object {
          "maxWidth": "10rem",
        }
      }
    />
  </td>
  <td>
    <span>
      1
    </span>
  </td>
  <td>
    <span>
      test name
    </span>
  </td>
</tr>
`;
