// Jest Snapshot v1, https://goo.gl/fbAQLP

exports[`pages/members/list/pageContainer specs should render as expected when passing state 1`] = `
<PageContainer
  fetchMembers={[Function]}
  members={
    Array [
      Object {
        "avatarUrl": "test avatar_url",
        "id": 1,
        "name": "test login",
      },
    ]
  }
/>
`;
