// Jest Snapshot v1, https://goo.gl/fbAQLP

exports[`pages/members/list/page specs should render as expected when passing required properties 1`] = `
<Fragment>
  <h2>
    Members
  </h2>
  <Component
    members={
      Array [
        Object {
          "avatarUrl": "test avatarUrl 1",
          "id": 1,
          "name": "test name 1",
        },
        Object {
          "avatarUrl": "test avatarUrl 2",
          "id": 2,
          "name": "test name 2",
        },
      ]
    }
  />
</Fragment>
`;
